Testing purpose Added more logs``
Test 
2
Test 3 Just Testing
pdated jdasjhaskjfabskhfb
4 jan gfgfgfgfgfgfgf
new code 
